1. Uncaught SyntaxError: Cannot use import statement outside a module (at app.js:1:1)